{"sub" : "2b4fd0d1-5496-4c5d-86e8-c352091589a1", "role" : "authenticated"}
=== E1.0A-1) MAPPING DE TERRITORIO POR OT ===
psql:scripts/sla-e1-report.sql:23: ERROR:  permission denied for function ops_territorio_ot
=== G) QA CALENDARIO · DIAS LABORABLES (territorio de la OT) ===
psql:scripts/sla-e1-report.sql:41: ERROR:  current transaction is aborted, commands ignored until end of transaction block
=== G) QA CALENDARIO · DIAS NATURALES (T+21) ===
psql:scripts/sla-e1-report.sql:52: ERROR:  current transaction is aborted, commands ignored until end of transaction block
=== F) COBERTURA DE CALENDARIO POR TERRITORIO ===
psql:scripts/sla-e1-report.sql:56: ERROR:  current transaction is aborted, commands ignored until end of transaction block
=== F) FUENTES DEL CALENDARIO ===
psql:scripts/sla-e1-report.sql:60: ERROR:  current transaction is aborted, commands ignored until end of transaction block
=== H-M) RESULTADO POR KPI · ESCENARIO A (baja = cierre/resolucion) ===
psql:scripts/sla-e1-report.sql:79: ERROR:  current transaction is aborted, commands ignored until end of transaction block
=== H-M) RESULTADO POR KPI · ESCENARIO B (baja excluida) ===
psql:scripts/sla-e1-report.sql:85: ERROR:  current transaction is aborted, commands ignored until end of transaction block
=== N) NOT_EVALUABLE POR CAUSA (escenario A) ===
psql:scripts/sla-e1-report.sql:89: ERROR:  current transaction is aborted, commands ignored until end of transaction block
=== O) ANOMALIAS DE DATOS ===
psql:scripts/sla-e1-report.sql:97: ERROR:  current transaction is aborted, commands ignored until end of transaction block
=== O) DISTRIBUCION TERRITORIAL DE LA POBLACION POR KPI ===
psql:scripts/sla-e1-report.sql:101: ERROR:  current transaction is aborted, commands ignored until end of transaction block
=== QA) SEMANTICA MET / MISSED / NOT_EVALUABLE (ALC-02) ===
psql:scripts/sla-e1-report.sql:109: ERROR:  current transaction is aborted, commands ignored until end of transaction block
=== QA) DEADLINES EN FINDE/FESTIVO Y ORDEN TEMPORAL ===
psql:scripts/sla-e1-report.sql:125: ERROR:  current transaction is aborted, commands ignored until end of transaction block
=== QA) DATA LEAKAGE ENTRE CLIENTES ===
psql:scripts/sla-e1-report.sql:134: ERROR:  current transaction is aborted, commands ignored until end of transaction block
=== QA) CONTRASTE HELPER vs EVALUADOR (territorio de la OT) ===
psql:scripts/sla-e1-report.sql:152: ERROR:  current transaction is aborted, commands ignored until end of transaction block
=== P) LEGACY sla_cierre_dlab (solo diagnostico, NO usado en el KPI) ===
psql:scripts/sla-e1-report.sql:156: ERROR:  current transaction is aborted, commands ignored until end of transaction block
